// Jest Snapshot v1, https://goo.gl/fbAQLP

exports[`snapshot 1`] = `
OrderBook {
  "asks": Array [
    Object {
      "percentOfBook": "100%",
      "price": 30000,
      "size": 200,
      "total": 400,
    },
    Object {
      "percentOfBook": "50%",
      "price": 21000,
      "size": 200,
      "total": 200,
    },
  ],
  "bids": Array [
    Object {
      "percentOfBook": "37.5%",
      "price": 20000,
      "size": 150,
      "total": 150,
    },
    Object {
      "percentOfBook": "75%",
      "price": 15000,
      "size": 150,
      "total": 300,
    },
  ],
  "calculatePercentOfBook": [Function],
  "commitOrders": [Function],
  "filterEmptyOrders": [Function],
  "hasSpread": [Function],
  "levelsDeep": 12,
  "mapFeedToOrder": [Function],
  "maxQuantity": 400,
  "midPoint": [Function],
  "process": [Function],
  "processFeed": [Function],
  "spread": [Function],
  "spreadPercent": [Function],
  "sumOrders": [Function],
  "toOrder": [Function],
  "topAsk": [Function],
  "topBid": [Function],
  "trimBook": [Function],
  "upsert": [Function],
}
`;
