// Jest Snapshot v1, https://goo.gl/fbAQLP

exports[`snapshot 1`] = `
OrderBook {
  "applyOrders": [Function],
  "asks": Array [
    Object {
      "price": 30000,
      "size": 200,
      "total": 400,
    },
    Object {
      "price": 21000,
      "size": 200,
      "total": 200,
    },
  ],
  "bids": Array [
    Object {
      "price": 20000,
      "size": 150,
      "total": 150,
    },
    Object {
      "price": 15000,
      "size": 150,
      "total": 300,
    },
  ],
  "commitOrders": [Function],
  "filterZeroSizes": [Function],
  "highestBid": [Function],
  "levelsDeep": 10,
  "lowestAsk": [Function],
  "mapOrder": [Function],
  "mapOrders": [Function],
  "midPoint": [Function],
  "processFeed": [Function],
  "spread": [Function],
  "spreadPercent": [Function],
  "sumOrders": [Function],
  "trimOrders": [Function],
  "upsert": [Function],
}
`;
